Timestamp: 2026-08-10T14:47:44.016Z
Context: Ticket Creation
Error Name: Error
Error Message: Cannot find module '../../../../utils/canvasBanner'
Require stack:
- C:\Users\Administrator\Documents\ksiye8 Bot\cogs\components\select_menus\ticket_select.js
- C:\Users\Administrator\Documents\ksiye8 Bot\index.js
Stack Trace:
Error: Cannot find module '../../../../utils/canvasBanner'
Require stack:
- C:\Users\Administrator\Documents\ksiye8 Bot\cogs\components\select_menus\ticket_select.js
- C:\Users\Administrator\Documents\ksiye8 Bot\index.js
    at Module._resolveFilename (node:internal/modules/cjs/loader:1517:15)
    at wrapResolveFilename (node:internal/modules/cjs/loader:1071:27)
    at defaultResolveImplForCJSLoading (node:internal/modules/cjs/loader:1095:10)
    at resolveForCJSWithHooks (node:internal/modules/cjs/loader:1122:12)
    at Module._load (node:internal/modules/cjs/loader:1294:5)
    at wrapModuleLoad (node:internal/modules/cjs/loader:255:19)
    at Module.require (node:internal/modules/cjs/loader:1617:12)
    at require (node:internal/modules/helpers:153:16)
    at Object.execute (C:\Users\Administrator\Documents\ksiye8 Bot\cogs\components\select_menus\ticket_select.js:108:46)
    at process.processTicksAndRejections (node:internal/process/task_queues:104:5)
